
========================================================================================================================
COMPREHENSIVE ASSET DISCOVERY: 50+ CANDIDATE ASSETS
========================================================================================================================

Downloading 5-year data (2021-04-07 to 2026-04-06)...
Candidates: 42

AGG    Aggregate Bond                 [OK] 1254 bars
ARKF   Ark Finance                    [OK] 1254 bars
ARKK   Ark Innovation                 [OK] 1254 bars
ARKQ   Ark Autonomous Tech            [OK] 1254 bars
BND    Broad Bond                     [OK] 1254 bars
DGRO   Dividend Growth                [OK] 1254 bars
DVY    High Dividend Yield            [OK] 1254 bars
EMQQ   Emerging Market Tech           [OK] 1254 bars
EWA    Australia                      [OK] 1254 bars
EWJ    Japan                          [OK] 1254 bars
EWU    UK                             [OK] 1254 bars
FXA    Australian Dollar              [OK] 1254 bars
FXG    British Pound                  [OK] 1254 bars
FXY    Japanese Yen                   [OK] 1254 bars
GDX    Gold Miners                    [OK] 1254 bars
GLD    Gold                           [OK] 1254 bars
HYG    High Yield Bond                [OK] 1254 bars
IEF    Treasury 7-10yr                [OK] 1254 bars
IEMG   Emerging Markets               [OK] 1254 bars
IWM    Russell 2000                   [OK] 1254 bars
LQD    Investment Grade               [OK] 1254 bars
PDBC   Commodities Diversified        [OK] 1254 bars
SCHP   TIPS                           [OK] 1254 bars
SKYY   Cloud Computing                [OK] 1254 bars
SLV    Silver                         [OK] 1254 bars
SPY    S&P 500                        [OK] 1254 bars
SVXY   VIX Inverse                    [OK] 1254 bars
UCO    Oil 2x                         [OK] 1254 bars
UNG    Natural Gas                    [OK] 1254 bars
UVXY   VIX 2x                         [OK] 1254 bars
VTI    Total US Market                [OK] 1254 bars
VTV    Value                          [OK] 1254 bars
VUG    Growth                         [OK] 1254 bars
VXUS   Total International            [OK] 1254 bars
XLE    Energy                         [OK] 1254 bars
XLF    Financials                     [OK] 1254 bars
XLI    Industrials                    [OK] 1254 bars
XLK    Technology                     [OK] 1254 bars
XLP    Consumer Staples               [OK] 1254 bars
XLRE   Real Estate Alt                [OK] 1254 bars
XLU    Utilities                      [OK] 1254 bars
XLY    Consumer Discretionary         [OK] 1254 bars

Downloaded: 42/42

========================================================================================================================
YEAR-BY-YEAR BACKTEST ON ALL CANDIDATES
========================================================================================================================

AGG    Aggregate Bond                  3 trades @ 67% [OK]
ARKF   Ark Finance                     3 trades @ 100% [OK]
BND    Broad Bond                      3 trades @ 67% [OK]
DGRO   Dividend Growth                10 trades @ 60% [WARN]
EMQQ   Emerging Market Tech            5 trades @ 100% [OK]
EWA    Australia                      20 trades @ 90% [OK]
EWJ    Japan                          18 trades @ 78% [OK]
EWU    UK                             28 trades @ 79% [OK]
FXG    British Pound                   7 trades @ 71% [OK]
FXY    Japanese Yen                    1 trades @ 100% [OK]
GDX    Gold Miners                     6 trades @ 67% [OK]
GLD    Gold                            8 trades @ 75% [OK]
HYG    High Yield Bond                 4 trades @ 75% [OK]
IEF    Treasury 7-10yr                 1 trades @ 100% [OK]
IEMG   Emerging Markets                3 trades @ 67% [OK]
IWM    Russell 2000                   24 trades @ 71% [OK]
SCHP   TIPS                            4 trades @ 75% [OK]
SVXY   VIX Inverse                     1 trades @ 100% [OK]
UCO    Oil 2x                          3 trades @ 67% [OK]
UNG    Natural Gas                     5 trades @ 80% [OK]
VTV    Value                           3 trades @ 67% [OK]
VXUS   Total International            13 trades @ 92% [OK]
XLE    Energy                         10 trades @ 60% [WARN]
XLI    Industrials                     1 trades @ 100% [OK]
XLP    Consumer Staples                9 trades @ 78% [OK]
XLRE   Real Estate Alt                 7 trades @ 86% [OK]
XLY    Consumer Discretionary          2 trades @ 100% [OK]

========================================================================================================================
ANALYSIS & RANKING
========================================================================================================================

Assets with 60%+ Win Rate: 27/42

TOP CANDIDATES (by win rate):
Rank  Symbol   Name                           Win Rate     Freq/yr      Profitable Yrs 
----- -------- ------------------------------ ------------ ------------ ---------------
1     ARKF     Ark Finance                          100%         3.0  1/1
2     FXY      Japanese Yen                         100%         1.0  1/1
3     EMQQ     Emerging Market Tech                 100%         2.5  2/2
4     XLY      Consumer Discretionary               100%         2.0  1/1
5     XLI      Industrials                          100%         1.0  1/1
6     SVXY     VIX Inverse                          100%         1.0  1/1
7     IEF      Treasury 7-10yr                      100%         1.0  1/1
8     VXUS     Total International                   92%         4.3  2/3
9     EWA      Australia                             90%         6.7  2/3
10    XLRE     Real Estate Alt                       86%         7.0  1/1
11    UNG      Natural Gas                           80%         5.0  0/1
12    EWU      UK                                    79%         7.0  4/4
13    EWJ      Japan                                 78%         4.5  3/4
14    XLP      Consumer Staples                      78%         3.0  3/3
15    HYG      High Yield Bond                       75%         2.0  1/2

========================================================================================================================
NEW CANDIDATES FOR PORTFOLIO EXPANSION
========================================================================================================================

New high-quality assets (60%+ WR not in current portfolio):

  ARKF (Ark Finance)
    Win Rate: 100%
    Frequency: 3.0/year
    Profitable years: 1/1
    Recommendation: ADD TO PHASE 1A (high-edge asset)

  FXY (Japanese Yen)
    Win Rate: 100%
    Frequency: 1.0/year
    Profitable years: 1/1
    Recommendation: ADD TO PHASE 1A (high-edge asset)

  EMQQ (Emerging Market Tech)
    Win Rate: 100%
    Frequency: 2.5/year
    Profitable years: 2/2
    Recommendation: ADD TO PHASE 1A (high-edge asset)

  XLY (Consumer Discretionary)
    Win Rate: 100%
    Frequency: 2.0/year
    Profitable years: 1/1
    Recommendation: ADD TO PHASE 1A (high-edge asset)

  XLI (Industrials)
    Win Rate: 100%
    Frequency: 1.0/year
    Profitable years: 1/1
    Recommendation: ADD TO PHASE 1A (high-edge asset)

  SVXY (VIX Inverse)
    Win Rate: 100%
    Frequency: 1.0/year
    Profitable years: 1/1
    Recommendation: ADD TO PHASE 1A (high-edge asset)

  IEF (Treasury 7-10yr)
    Win Rate: 100%
    Frequency: 1.0/year
    Profitable years: 1/1
    Recommendation: ADD TO PHASE 1A (high-edge asset)

  VXUS (Total International)
    Win Rate: 92%
    Frequency: 4.3/year
    Profitable years: 2/3
    Recommendation: ADD TO PHASE 1A (high-edge asset)

  EWA (Australia)
    Win Rate: 90%
    Frequency: 6.7/year
    Profitable years: 2/3
    Recommendation: ADD TO PHASE 1A (high-edge asset)

  XLRE (Real Estate Alt)
    Win Rate: 86%
    Frequency: 7.0/year
    Profitable years: 1/1
    Recommendation: ADD TO PHASE 1A (high-edge asset)

========================================================================================================================
PORTFOLIO EXPANSION ANALYSIS
========================================================================================================================

If we add TOP 5 NEW ASSETS to the 15-asset portfolio:
  Current: 65.5/yr @ 71.9% WR
  New assets: 9.5/yr @ 100.0% avg WR
  Combined: 75.0/yr @ 75.5% WR

  Expected 12-week return improvement: 3.6% edge increase

========================================================================================================================
ASSET DISCOVERY COMPLETE
========================================================================================================================

