
========================================================================================================================
5-YEAR YEAR-BY-YEAR COMPREHENSIVE VALIDATION (2021-2026)
========================================================================================================================

Downloading 5-year data (2021-04-07 to 2026-04-06)...
Assets: 15

USO    Oil                       [OK] 1254 bars
TLT    Long Bonds                [OK] 1254 bars
MUB    Muni Bonds                [OK] 1254 bars
FXC    Canadian Dollar           [OK] 1254 bars
EWG    Germany                   [OK] 1254 bars
IJH    Mid Cap                   [OK] 1254 bars
VNQ    Real Estate               [OK] 1254 bars
DBC    Commodities               [OK] 1254 bars
GSG    Commodity ETF             [OK] 1254 bars
XLV    Healthcare                [OK] 1254 bars
VXX    VIX ETN                   [OK] 1254 bars
QQQ    Nasdaq                    [OK] 1254 bars
EWC    Canada ETF                [OK] 1254 bars
WEAT   Wheat                     [OK] 1254 bars
FXE    Euro                      [OK] 1254 bars

========================================================================================================================
YEAR-BY-YEAR ANALYSIS (2021-2026)
========================================================================================================================

USO (Oil):
  2023:  2 trades, WR=100% [OK], Return=+8.2%
  5-YEAR SUMMARY: 1 years | Avg WR=100% (+/-0.0%) | Avg trades/yr=2.0 | Profitable=1/1
  CONSISTENCY: [EXCELLENT]

TLT (Long Bonds):
  2023:  1 trades, WR=100% [OK], Return=+2.9%
  2024:  3 trades, WR=67% [OK], Return=+3.1%
  2025:  4 trades, WR=100% [OK], Return=+7.0%
  5-YEAR SUMMARY: 3 years | Avg WR=89% (+/-15.7%) | Avg trades/yr=2.7 | Profitable=3/3
  CONSISTENCY: [VARIABLE]

MUB (Muni Bonds):
  2022:  1 trades, WR=100% [OK], Return=+1.8%
  2024:  8 trades, WR=75% [OK], Return=+15.4%
  5-YEAR SUMMARY: 2 years | Avg WR=88% (+/-12.5%) | Avg trades/yr=4.5 | Profitable=2/2
  CONSISTENCY: [VARIABLE]

FXC (Canadian Dollar):
  2022:  2 trades, WR=50% [LOW], Return=+0.5%
  2024: 11 trades, WR=91% [OK], Return=+22.0%
  5-YEAR SUMMARY: 2 years | Avg WR=70% (+/-20.5%) | Avg trades/yr=6.5 | Profitable=2/2
  CONSISTENCY: [VARIABLE]

EWG (Germany):
  2023:  6 trades, WR=83% [OK], Return=+16.2%
  2024:  2 trades, WR=100% [OK], Return=+3.2%
  5-YEAR SUMMARY: 2 years | Avg WR=92% (+/-8.3%) | Avg trades/yr=4.0 | Profitable=2/2
  CONSISTENCY: [GOOD]

IJH (Mid Cap):
  2022:  1 trades, WR=100% [OK], Return=+1.7%
  2024:  7 trades, WR=86% [OK], Return=+12.9%
  2025:  2 trades, WR=50% [LOW], Return=-4.5%
  5-YEAR SUMMARY: 3 years | Avg WR=79% (+/-21.0%) | Avg trades/yr=3.3 | Profitable=2/3
  CONSISTENCY: [VARIABLE]

VNQ (Real Estate):
  2024:  7 trades, WR=71% [OK], Return=+11.9%
  2025:  1 trades, WR=0% [LOW], Return=-1.1%
  5-YEAR SUMMARY: 2 years | Avg WR=36% (+/-35.7%) | Avg trades/yr=4.0 | Profitable=1/2
  CONSISTENCY: [VARIABLE]

DBC (Commodities):
  2023:  2 trades, WR=100% [OK], Return=+7.1%
  2024:  3 trades, WR=33% [LOW], Return=+0.8%
  2025:  3 trades, WR=33% [LOW], Return=+0.1%
  5-YEAR SUMMARY: 3 years | Avg WR=56% (+/-31.4%) | Avg trades/yr=2.7 | Profitable=3/3
  CONSISTENCY: [VARIABLE]

GSG (Commodity ETF):
  2023:  2 trades, WR=100% [OK], Return=+8.1%
  2025:  2 trades, WR=50% [LOW], Return=+1.0%
  5-YEAR SUMMARY: 2 years | Avg WR=75% (+/-25.0%) | Avg trades/yr=2.0 | Profitable=2/2
  CONSISTENCY: [VARIABLE]

XLV (Healthcare):
  2024:  1 trades, WR=100% [OK], Return=+0.1%
  5-YEAR SUMMARY: 1 years | Avg WR=100% (+/-0.0%) | Avg trades/yr=1.0 | Profitable=1/1
  CONSISTENCY: [EXCELLENT]

VXX (VIX ETN):
  2024: 10 trades, WR=70% [OK], Return=+9.3%
  2025:  1 trades, WR=100% [OK], Return=+4.9%
  5-YEAR SUMMARY: 2 years | Avg WR=85% (+/-15.0%) | Avg trades/yr=5.5 | Profitable=2/2
  CONSISTENCY: [VARIABLE]

QQQ (Nasdaq):
  2021:  4 trades, WR=75% [OK], Return=+nan%
  2025:  4 trades, WR=75% [OK], Return=+6.2%
  2026:  2 trades, WR=0% [LOW], Return=-1.9%
  5-YEAR SUMMARY: 3 years | Avg WR=50% (+/-35.4%) | Avg trades/yr=3.3 | Profitable=1/3
  CONSISTENCY: [VARIABLE]

EWC (Canada ETF):
  2023:  1 trades, WR=0% [LOW], Return=-6.1%
  2024: 17 trades, WR=65% [WARN], Return=+24.5%
  5-YEAR SUMMARY: 2 years | Avg WR=32% (+/-32.4%) | Avg trades/yr=9.0 | Profitable=1/2
  CONSISTENCY: [VARIABLE]

WEAT (Wheat):
  2022:  2 trades, WR=50% [LOW], Return=+4.8%
  5-YEAR SUMMARY: 1 years | Avg WR=50% (+/-0.0%) | Avg trades/yr=2.0 | Profitable=1/1
  CONSISTENCY: [EXCELLENT]

FXE (Euro):
  2021:  1 trades, WR=0% [LOW], Return=-9.0%
  2024:  8 trades, WR=75% [OK], Return=+11.7%
  5-YEAR SUMMARY: 2 years | Avg WR=38% (+/-37.5%) | Avg trades/yr=4.5 | Profitable=1/2
  CONSISTENCY: [VARIABLE]

========================================================================================================================
5-YEAR PORTFOLIO ANALYSIS (Aggregated from yearly data)
========================================================================================================================

Assets with consistent data: 15/15
Total year-asset records: 31
Years covered: [np.int64(2021), np.int64(2022), np.int64(2023), np.int64(2024), np.int64(2025), np.int64(2026)]

PERFORMANCE BY MARKET REGIME:
  Year  | Trades | Avg WR | Market Condition
  ------|--------|--------|------------------
  2021  |    5   |   38%  | Post-COVID recovery
  2022  |    6   |   75%  | Bear / rate hikes
  2023  |   14   |   81%  | Recovery rally
  2024  |   77   |   76%  | Mixed conditions
  2025  |   17   |   58%  | Recent market
  2026  |    2   |    0%  | Recent market

5-YEAR BLENDED METRICS:
  Total trades: 121
  Weighted win rate: 71.9%
  Win rate std dev: 33.5%
  Profitable year-asset records: 25/31

CONSISTENCY ASSESSMENT:
  Assets with EXCELLENT consistency: 3
  Assets with GOOD consistency: 1
  Assets with VARIABLE consistency: 11

COMPARISON TO 2-YEAR BASELINE:
  2-Year win rate (previous): 71%
  5-Year win rate (yearly-agg): 71.9%
  Difference: +0.9%
  Assessment: CONFIRMED - Edge holds across 5 years

========================================================================================================================
MONTE CARLO VALIDATION (10,000 runs, 5-year aggregated edge)
========================================================================================================================

Simulation Setup:
  Capital: $100,000
  Risk per trade: 2% ($2,000)
  Win probability: 71.9% (5-year validated edge)
  Trades per 12 weeks: 15-17 (based on portfolio frequency)

Running 10,000 simulations...
  Progress: 2,000/10,000
  Progress: 4,000/10,000
  Progress: 6,000/10,000
  Progress: 8,000/10,000
  Progress: 10,000/10,000

[RESULTS]

Equity Distribution:
  Mean: $125,548
  Median: $128,000
  Std Dev: $9,060

Profitability:
  Profitable runs: 9,955/10,000 (99.5%)
  Expected gain: $25,548

Drawdown:
  Mean: 0.8%
  99th %ile: 6.4%

95% Confidence Interval: $108,000 to $143,000

========================================================================================================================
FINAL 5-YEAR VALIDATION REPORT
========================================================================================================================
Traceback (most recent call last):
  File "C:\Users\hugoh\AppData\Local\Programs\Python\Python314\Lib\site-packages\pandas\core\indexes\base.py", line 3812, in get_loc
    return self._engine.get_loc(casted_key)
           ~~~~~~~~~~~~~~~~~~~~^^^^^^^^^^^^
  File "pandas/_libs/index.pyx", line 167, in pandas._libs.index.IndexEngine.get_loc
  File "pandas/_libs/index.pyx", line 196, in pandas._libs.index.IndexEngine.get_loc
  File "pandas/_libs/hashtable_class_helper.pxi", line 7088, in pandas._libs.hashtable.PyObjectHashTable.get_item
  File "pandas/_libs/hashtable_class_helper.pxi", line 7096, in pandas._libs.hashtable.PyObjectHashTable.get_item
KeyError: 'Trades'

The above exception was the direct cause of the following exception:

Traceback (most recent call last):
  File "C:\Users\hugoh\Downloads\New foldery\GrosFichiers - Hugo\comprehensive_5year_yearly_breakdown.py", line 444, in <module>
    main()
    ~~~~^^
  File "C:\Users\hugoh\Downloads\New foldery\GrosFichiers - Hugo\comprehensive_5year_yearly_breakdown.py", line 436, in main
    validator.generate_final_report(weighted_wr, yearly_summary, profitable_pct)
    ~~~~~~~~~~~~~~~~~~~~~~~~~~~~~~~^^^^^^^^^^^^^^^^^^^^^^^^^^^^^^^^^^^^^^^^^^^^^
  File "C:\Users\hugoh\Downloads\New foldery\GrosFichiers - Hugo\comprehensive_5year_yearly_breakdown.py", line 374, in generate_final_report
    Historical Trades: {int(yearly_summary['Trades'].sum())} across all year-asset combinations
                            ~~~~~~~~~~~~~~^^^^^^^^^^
  File "C:\Users\hugoh\AppData\Local\Programs\Python\Python314\Lib\site-packages\pandas\core\frame.py", line 4113, in __getitem__
    indexer = self.columns.get_loc(key)
  File "C:\Users\hugoh\AppData\Local\Programs\Python\Python314\Lib\site-packages\pandas\core\indexes\base.py", line 3819, in get_loc
    raise KeyError(key) from err
KeyError: 'Trades'
