2026-04-07 18:36:55,691 - INFO - Trading bot initialized. Mode: PAPER
2026-04-07 18:36:55,700 - INFO - ====================================================================================================
2026-04-07 18:36:55,700 - INFO - DAILY RUN: 2026-04-07 18:36:55
2026-04-07 18:36:55,700 - INFO - ====================================================================================================
2026-04-07 18:37:04,032 - INFO - Connected to Alpaca. Account: PA3OEWRWLCNG
2026-04-07 18:37:04,032 - INFO - Cash available: $100000
2026-04-07 18:37:04,032 - INFO - Equity: $100000
2026-04-07 18:37:04,032 - INFO - Mode: PAPER TRADING
2026-04-07 18:37:04,033 - INFO - Downloading 730-day data for 40 assets...
2026-04-07 18:37:25,903 - ERROR - 
1 Failed download:
2026-04-07 18:37:25,903 - ERROR - ['AGG']: TypeError("'NoneType' object is not subscriptable")
2026-04-07 18:37:25,972 - WARNING - [SKIP] AGG: Insufficient data
2026-04-07 18:37:37,793 - INFO - [OK] ARKF: 501 bars
2026-04-07 18:37:41,003 - INFO - [OK] BND: 501 bars
2026-04-07 18:37:41,233 - INFO - [OK] DBC: 501 bars
2026-04-07 18:37:41,485 - INFO - [OK] EMQQ: 501 bars
2026-04-07 18:37:41,763 - INFO - [OK] EWA: 501 bars
2026-04-07 18:37:41,995 - INFO - [OK] EWC: 501 bars
2026-04-07 18:37:42,546 - INFO - [OK] EWG: 501 bars
2026-04-07 18:37:52,567 - ERROR - 
1 Failed download:
2026-04-07 18:37:52,568 - ERROR - ['EWJ']: TypeError("'NoneType' object is not subscriptable")
2026-04-07 18:37:52,573 - WARNING - [SKIP] EWJ: Insufficient data
2026-04-07 18:38:00,242 - INFO - [OK] EWU: 501 bars
2026-04-07 18:38:01,389 - INFO - [OK] FXC: 501 bars
2026-04-07 18:38:04,185 - INFO - [OK] FXE: 501 bars
2026-04-07 18:38:05,656 - INFO - [OK] FXG: 501 bars
2026-04-07 18:38:05,914 - INFO - [OK] FXY: 501 bars
2026-04-07 18:38:06,471 - INFO - [OK] GDX: 501 bars
2026-04-07 18:38:07,987 - INFO - [OK] GLD: 501 bars
2026-04-07 18:38:08,235 - INFO - [OK] GSG: 501 bars
2026-04-07 18:38:08,685 - INFO - [OK] HYG: 501 bars
2026-04-07 18:38:09,629 - INFO - [OK] IEF: 501 bars
2026-04-07 18:38:09,883 - INFO - [OK] IEMG: 501 bars
2026-04-07 18:38:10,167 - INFO - [OK] IJH: 501 bars
2026-04-07 18:38:10,486 - INFO - [OK] IWM: 501 bars
2026-04-07 18:38:10,794 - INFO - [OK] MUB: 501 bars
2026-04-07 18:38:11,161 - INFO - [OK] QQQ: 501 bars
2026-04-07 18:38:11,584 - INFO - [OK] SCHP: 501 bars
2026-04-07 18:38:11,842 - INFO - [OK] SVXY: 501 bars
2026-04-07 18:38:12,599 - INFO - [OK] TLT: 501 bars
2026-04-07 18:38:22,624 - ERROR - 
1 Failed download:
2026-04-07 18:38:22,624 - ERROR - ['UCO']: TypeError("'NoneType' object is not subscriptable")
2026-04-07 18:38:22,640 - WARNING - [SKIP] UCO: Insufficient data
2026-04-07 18:38:22,942 - INFO - [OK] UNG: 501 bars
2026-04-07 18:38:29,308 - INFO - [OK] USO: 501 bars
2026-04-07 18:38:29,802 - INFO - [OK] VNQ: 501 bars
2026-04-07 18:38:30,675 - INFO - [OK] VTV: 501 bars
2026-04-07 18:38:40,704 - ERROR - 
1 Failed download:
2026-04-07 18:38:40,704 - ERROR - ['VXUS']: TypeError("'NoneType' object is not subscriptable")
2026-04-07 18:38:40,708 - WARNING - [SKIP] VXUS: Insufficient data
2026-04-07 18:38:43,584 - INFO - [OK] VXX: 501 bars
2026-04-07 18:38:43,790 - INFO - [OK] WEAT: 501 bars
2026-04-07 18:38:44,183 - INFO - [OK] XLI: 501 bars
2026-04-07 18:38:44,787 - INFO - [OK] XLP: 501 bars
2026-04-07 18:38:45,169 - INFO - [OK] XLRE: 501 bars
2026-04-07 18:38:45,537 - INFO - [OK] XLV: 501 bars
2026-04-07 18:38:55,560 - ERROR - 
1 Failed download:
2026-04-07 18:38:55,560 - ERROR - ['XLY']: TypeError("'NoneType' object is not subscriptable")
2026-04-07 18:38:55,564 - WARNING - [SKIP] XLY: Insufficient data
2026-04-07 18:38:55,564 - INFO - Ready to trade: 35/40 assets
2026-04-07 18:38:55,564 - INFO - Generating signals for all assets...
2026-04-07 19:06:53,963 - INFO - No signals to process
2026-04-07 19:06:54,482 - INFO - Account Status: Cash=$100000, Equity=$100000, PnL=$0
2026-04-07 19:06:54,482 - INFO - ====================================================================================================
