2026-04-07 19:06:56,374 - INFO - Trading bot initialized. Mode: PAPER
2026-04-07 19:06:56,374 - INFO - ====================================================================================================
2026-04-07 19:06:56,374 - INFO - DAILY RUN: 2026-04-07 19:06:56
2026-04-07 19:06:56,374 - INFO - ====================================================================================================
2026-04-07 19:06:56,769 - INFO - Connected to Alpaca. Account: PA3OEWRWLCNG
2026-04-07 19:06:56,769 - INFO - Cash available: $100000
2026-04-07 19:06:56,769 - INFO - Equity: $100000
2026-04-07 19:06:56,771 - INFO - Mode: PAPER TRADING
2026-04-07 19:06:56,772 - INFO - Downloading 730-day data for 40 assets...
2026-04-07 19:06:57,313 - INFO - [OK] AGG: 501 bars
2026-04-07 19:06:57,629 - INFO - [OK] ARKF: 501 bars
2026-04-07 19:06:57,977 - INFO - [OK] BND: 501 bars
2026-04-07 19:06:58,209 - INFO - [OK] DBC: 501 bars
2026-04-07 19:06:58,554 - INFO - [OK] EMQQ: 501 bars
2026-04-07 19:06:58,835 - INFO - [OK] EWA: 501 bars
2026-04-07 19:06:59,096 - INFO - [OK] EWC: 501 bars
2026-04-07 19:06:59,335 - INFO - [OK] EWG: 501 bars
2026-04-07 19:06:59,628 - INFO - [OK] EWJ: 501 bars
2026-04-07 19:06:59,963 - INFO - [OK] EWU: 501 bars
2026-04-07 19:07:00,234 - INFO - [OK] FXC: 501 bars
2026-04-07 19:07:00,576 - INFO - [OK] FXE: 501 bars
2026-04-07 19:07:00,865 - INFO - [OK] FXG: 501 bars
2026-04-07 19:07:01,193 - INFO - [OK] FXY: 501 bars
2026-04-07 19:07:01,483 - INFO - [OK] GDX: 501 bars
2026-04-07 19:07:01,774 - INFO - [OK] GLD: 501 bars
2026-04-07 19:07:02,052 - INFO - [OK] GSG: 501 bars
2026-04-07 19:07:02,312 - INFO - [OK] HYG: 501 bars
2026-04-07 19:07:02,561 - INFO - [OK] IEF: 501 bars
2026-04-07 19:07:02,828 - INFO - [OK] IEMG: 501 bars
2026-04-07 19:07:03,099 - INFO - [OK] IJH: 501 bars
2026-04-07 19:07:03,561 - INFO - [OK] IWM: 501 bars
2026-04-07 19:07:03,961 - INFO - [OK] MUB: 501 bars
2026-04-07 19:07:04,477 - INFO - [OK] QQQ: 501 bars
2026-04-07 19:07:04,845 - INFO - [OK] SCHP: 501 bars
2026-04-07 19:07:05,138 - INFO - [OK] SVXY: 501 bars
2026-04-07 19:07:05,446 - INFO - [OK] TLT: 501 bars
2026-04-07 19:07:05,723 - INFO - [OK] UCO: 501 bars
2026-04-07 19:07:06,073 - INFO - [OK] UNG: 501 bars
2026-04-07 19:07:06,370 - INFO - [OK] USO: 501 bars
2026-04-07 19:07:06,784 - INFO - [OK] VNQ: 501 bars
2026-04-07 19:07:07,143 - INFO - [OK] VTV: 501 bars
2026-04-07 19:07:07,410 - INFO - [OK] VXUS: 501 bars
2026-04-07 19:07:07,642 - INFO - [OK] VXX: 501 bars
2026-04-07 19:07:07,893 - INFO - [OK] WEAT: 501 bars
2026-04-07 19:07:08,162 - INFO - [OK] XLI: 501 bars
2026-04-07 19:07:08,447 - INFO - [OK] XLP: 501 bars
2026-04-07 19:07:08,750 - INFO - [OK] XLRE: 501 bars
2026-04-07 19:07:09,058 - INFO - [OK] XLV: 501 bars
2026-04-07 19:07:09,358 - INFO - [OK] XLY: 501 bars
2026-04-07 19:07:09,358 - INFO - Ready to trade: 40/40 assets
2026-04-07 19:07:09,358 - INFO - Generating signals for all assets...
