2026-04-07 19:12:23,164 - INFO - Trading bot initialized. Mode: PAPER
2026-04-07 19:12:23,165 - INFO - ====================================================================================================
2026-04-07 19:12:23,165 - INFO - DAILY RUN: 2026-04-07 19:12:23
2026-04-07 19:12:23,165 - INFO - ====================================================================================================
2026-04-07 19:12:23,572 - INFO - Connected to Alpaca. Account: PA3OEWRWLCNG
2026-04-07 19:12:23,572 - INFO - Cash available: $100000
2026-04-07 19:12:23,573 - INFO - Equity: $100000
2026-04-07 19:12:23,574 - INFO - Mode: PAPER TRADING
2026-04-07 19:12:23,574 - INFO - Downloading 730-day data for 40 assets...
2026-04-07 19:12:24,080 - INFO - [OK] AGG: 501 bars
2026-04-07 19:12:24,402 - INFO - [OK] ARKF: 501 bars
2026-04-07 19:12:24,626 - INFO - [OK] BND: 501 bars
2026-04-07 19:12:24,901 - INFO - [OK] DBC: 501 bars
2026-04-07 19:12:25,107 - INFO - [OK] EMQQ: 501 bars
2026-04-07 19:12:25,360 - INFO - [OK] EWA: 501 bars
2026-04-07 19:12:25,594 - INFO - [OK] EWC: 501 bars
2026-04-07 19:12:25,859 - INFO - [OK] EWG: 501 bars
2026-04-07 19:12:26,137 - INFO - [OK] EWJ: 501 bars
2026-04-07 19:12:26,418 - INFO - [OK] EWU: 501 bars
2026-04-07 19:12:26,705 - INFO - [OK] FXC: 501 bars
2026-04-07 19:12:27,014 - INFO - [OK] FXE: 501 bars
2026-04-07 19:12:27,305 - INFO - [OK] FXG: 501 bars
2026-04-07 19:12:27,501 - INFO - [OK] FXY: 501 bars
2026-04-07 19:12:27,879 - INFO - [OK] GDX: 501 bars
2026-04-07 19:12:28,148 - INFO - [OK] GLD: 501 bars
2026-04-07 19:12:28,336 - INFO - [OK] GSG: 501 bars
2026-04-07 19:12:28,631 - INFO - [OK] HYG: 501 bars
2026-04-07 19:12:28,870 - INFO - [OK] IEF: 501 bars
2026-04-07 19:12:29,235 - INFO - [OK] IEMG: 501 bars
2026-04-07 19:12:29,630 - INFO - [OK] IJH: 501 bars
2026-04-07 19:12:29,842 - INFO - [OK] IWM: 501 bars
2026-04-07 19:12:30,189 - INFO - [OK] MUB: 501 bars
2026-04-07 19:12:30,484 - INFO - [OK] QQQ: 501 bars
2026-04-07 19:12:30,754 - INFO - [OK] SCHP: 501 bars
2026-04-07 19:12:30,948 - INFO - [OK] SVXY: 501 bars
2026-04-07 19:12:31,237 - INFO - [OK] TLT: 501 bars
2026-04-07 19:12:31,872 - INFO - [OK] UCO: 501 bars
2026-04-07 19:12:32,166 - INFO - [OK] UNG: 501 bars
2026-04-07 19:12:32,397 - INFO - [OK] USO: 501 bars
2026-04-07 19:12:32,616 - INFO - [OK] VNQ: 501 bars
2026-04-07 19:12:32,833 - INFO - [OK] VTV: 501 bars
2026-04-07 19:12:33,104 - INFO - [OK] VXUS: 501 bars
2026-04-07 19:12:33,350 - INFO - [OK] VXX: 501 bars
2026-04-07 19:12:33,550 - INFO - [OK] WEAT: 501 bars
2026-04-07 19:12:33,854 - INFO - [OK] XLI: 501 bars
2026-04-07 19:12:34,132 - INFO - [OK] XLP: 501 bars
2026-04-07 19:12:34,396 - INFO - [OK] XLRE: 501 bars
2026-04-07 19:12:34,798 - INFO - [OK] XLV: 501 bars
2026-04-07 19:12:35,067 - INFO - [OK] XLY: 501 bars
2026-04-07 19:12:35,068 - INFO - Ready to trade: 40/40 assets
2026-04-07 19:12:35,068 - INFO - Generating signals for all assets...
2026-04-07 19:19:46,388 - INFO - No signals to process
2026-04-07 19:19:50,926 - INFO - Account Status: Cash=$100000, Equity=$100000, PnL=$0
2026-04-07 19:19:50,926 - INFO - ====================================================================================================
