2026-04-07 19:33:21,405 - INFO - Trading bot initialized. Mode: PAPER
2026-04-07 19:33:21,413 - INFO - ====================================================================================================
2026-04-07 19:33:21,413 - INFO - DAILY RUN: 2026-04-07 19:33:21
2026-04-07 19:33:21,414 - INFO - ====================================================================================================
2026-04-07 19:33:21,772 - INFO - Connected to Alpaca. Account: PA3OEWRWLCNG
2026-04-07 19:33:21,772 - INFO - Cash available: $100000
2026-04-07 19:33:21,772 - INFO - Equity: $100000
2026-04-07 19:33:21,774 - INFO - Mode: PAPER TRADING
2026-04-07 19:33:21,774 - INFO - Downloading 730-day data for 40 assets...
2026-04-07 19:33:22,446 - INFO - [OK] AGG: 501 bars
2026-04-07 19:33:22,740 - INFO - [OK] ARKF: 501 bars
2026-04-07 19:33:23,242 - INFO - [OK] BND: 501 bars
2026-04-07 19:33:23,500 - INFO - [OK] DBC: 501 bars
2026-04-07 19:33:23,743 - INFO - [OK] EMQQ: 501 bars
2026-04-07 19:33:24,069 - INFO - [OK] EWA: 501 bars
2026-04-07 19:33:24,464 - INFO - [OK] EWC: 501 bars
2026-04-07 19:33:24,912 - INFO - [OK] EWG: 501 bars
2026-04-07 19:33:25,166 - INFO - [OK] EWJ: 501 bars
2026-04-07 19:33:25,527 - INFO - [OK] EWU: 501 bars
2026-04-07 19:33:25,826 - INFO - [OK] FXC: 501 bars
2026-04-07 19:33:26,047 - INFO - [OK] FXE: 501 bars
2026-04-07 19:33:26,373 - INFO - [OK] FXG: 501 bars
2026-04-07 19:33:26,590 - INFO - [OK] FXY: 501 bars
2026-04-07 19:33:26,861 - INFO - [OK] GDX: 501 bars
2026-04-07 19:33:27,041 - INFO - [OK] GLD: 501 bars
2026-04-07 19:33:27,347 - INFO - [OK] GSG: 501 bars
2026-04-07 19:33:27,628 - INFO - [OK] HYG: 501 bars
2026-04-07 19:33:27,973 - INFO - [OK] IEF: 501 bars
2026-04-07 19:33:28,367 - INFO - [OK] IEMG: 501 bars
2026-04-07 19:33:28,625 - INFO - [OK] IJH: 501 bars
2026-04-07 19:33:29,005 - INFO - [OK] IWM: 501 bars
2026-04-07 19:33:29,610 - INFO - [OK] MUB: 501 bars
2026-04-07 19:33:29,873 - INFO - [OK] QQQ: 501 bars
2026-04-07 19:33:30,169 - INFO - [OK] SCHP: 501 bars
2026-04-07 19:33:30,397 - INFO - [OK] SVXY: 501 bars
2026-04-07 19:33:30,656 - INFO - [OK] TLT: 501 bars
2026-04-07 19:33:30,862 - INFO - [OK] UCO: 501 bars
2026-04-07 19:33:31,041 - INFO - [OK] UNG: 501 bars
2026-04-07 19:33:31,331 - INFO - [OK] USO: 501 bars
2026-04-07 19:33:32,831 - INFO - [OK] VNQ: 501 bars
2026-04-07 19:33:33,204 - INFO - [OK] VTV: 501 bars
2026-04-07 19:33:33,509 - INFO - [OK] VXUS: 501 bars
2026-04-07 19:33:33,719 - INFO - [OK] VXX: 501 bars
2026-04-07 19:33:33,985 - INFO - [OK] WEAT: 501 bars
2026-04-07 19:33:34,257 - INFO - [OK] XLI: 501 bars
2026-04-07 19:33:34,529 - INFO - [OK] XLP: 501 bars
2026-04-07 19:33:34,860 - INFO - [OK] XLRE: 501 bars
2026-04-07 19:33:35,152 - INFO - [OK] XLV: 501 bars
2026-04-07 19:33:35,578 - INFO - [OK] XLY: 501 bars
2026-04-07 19:33:35,578 - INFO - Ready to trade: 40/40 assets
2026-04-07 19:33:35,578 - INFO - Generating signals for all assets...
2026-04-07 19:40:36,345 - INFO - No signals to process
2026-04-07 19:40:36,784 - INFO - Account Status: Cash=$100000, Equity=$100000, PnL=$0
2026-04-07 19:40:36,784 - INFO - ====================================================================================================
